Response: {
    "message": "App\\Modules\\Tasks\\Services\\TaskService::createTask(): Argument #1 ($projectId) must be of type int, null given, called in C:\\Users\\Local.Administrator\\Herd\\taskmanagement\\app\\Modules\\Tasks\\Http\\Controllers\\TaskController.php on line 45",
    "exception": "TypeError",
    "file": "C:\\Users\\Local.Administrator\\Herd\\taskmanagement\\app\\Modules\\Tasks\\Services\\TaskService.php",
    "line": 46,
    "trace": [
        {
            "file": "C:\\Users\\Local.Administrator\\Herd\\taskmanagement\\app\\Modules\\Tasks\\Http\\Controllers\\TaskController.php",
            "line": 45,
            "function": "createTask",
            "class": "App\\Modules\\Tasks\\Services\\TaskService",
            "type": "->"
        },
        {
            "file": "C:\\Users\\Local.Administrator\\Herd\\taskmanagement\\vendor\\laravel\\framework\\src\\Illuminate\\Routing\\ControllerDispatcher.php",
            "line": 46,
            "function": "store",
            "class": "App\\Modules\\Tasks\\Http\\Controllers\\TaskController",
            "type": "->"
        },
        {
            "file": "C:\\Users\\Local.Administrator\\Herd\\taskmanagement\\vendor\\laravel\\framework\\src\\Illuminate\\Routing\\Route.php",
            "line": 265,
            "function": "dispatch",
            "class": "Illuminate\\Routing\\ControllerDispatcher",
            "type": "->"
        },
        {
            "file": "C:\\Users\\Local.Administrator\\Herd\\taskmanagement\\vendor\\laravel\\framework\\src\\Illuminate\\Routing\\Route.php",
            "line": 211,
            "function": "runController",
            "class": "Illuminate\\Routing\\Route",
            "type": "->"
        },
        {
            "file": "C:\\Users\\Local.Administrator\\Herd\\taskmanagement\\vendor\\laravel\\framework\\src\\Illuminate\\Routing\\Router.php",
            "line": 822,
            "function": "run",
            "class": "Illuminate\\Routing\\Route",
            "type": "->"
        },
        {
            "file": "C:\\Users\\Local.Administrator\\Herd\\taskmanagement\\vendor\\laravel\\framework\\src\\Illuminate\\Pipeline\\Pipeline.php",
            "line": 180,
            "function": "{closure:Illuminate\\Routing\\Router::runRouteWithinStack():821}",
            "class": "Illuminate\\Routing\\Router",
            "type": "->"
        },
        {
            "file": "C:\\Users\\Local.Administrator\\Herd\\taskmanagement\\vendor\\laravel\\framework\\src\\Illuminate\\Auth\\Middleware\\Authenticate.php",
            "line": 63,
            "function": "{closure:Illuminate\\Pipeline\\Pipeline::prepareDestination():178}",
            "class": "Illuminate\\Pipeline\\Pipeline",
            "type": "->"
        },
        {
            "file": "C:\\Users\\Local.Administrator\\Herd\\taskmanagement\\vendor\\laravel\\framework\\src\\Illuminate\\Pipeline\\Pipeline.php",
            "line": 219,
            "function": "handle",
            "class": "Illuminate\\Auth\\Middleware\\Authenticate",
            "type": "->"
        },
        {
            "file": "C:\\Users\\Local.Administrator\\Herd\\taskmanagement\\vendor\\laravel\\framework\\src\\Illuminate\\Pipeline\\Pipeline.php",
            "line": 137,
            "function": "{closure:{closure:Illuminate\\Pipeline\\Pipeline::carry():194}:195}",
            "class": "Illuminate\\Pipeline\\Pipeline",
            "type": "->"
        },
        {
            "file": "C:\\Users\\Local.Administrator\\Herd\\taskmanagement\\vendor\\laravel\\framework\\src\\Illuminate\\Routing\\Router.php",
            "line": 821,
            "function": "then",
            "class": "Illuminate\\Pipeline\\Pipeline",
            "type": "->"
        },
        {
            "file": "C:\\Users\\Local.Administrator\\Herd\\taskmanagement\\vendor\\laravel\\framework\\src\\Illuminate\\Routing\\Router.php",
            "line": 800,
            "function": "runRouteWithinStack",
            "class": "Illuminate\\Routing\\Router",
            "type": "->"
        },
        {
            "file": "C:\\Users\\Local.Administrator\\Herd\\taskmanagement\\vendor\\laravel\\framework\\src\\Illuminate\\Routing\\Router.php",
            "line": 764,
            "function": "runRoute",
            "class": "Illuminate\\Routing\\Router",
            "type": "->"
        },
        {
            "file": "C:\\Users\\Local.Administrator\\Herd\\taskmanagement\\vendor\\laravel\\framework\\src\\Illuminate\\Routing\\Router.php",
            "line": 753,
            "function": "dispatchToRoute",
            "class": "Illuminate\\Routing\\Router",
            "type": "->"
        },
        {
            "file": "C:\\Users\\Local.Administrator\\Herd\\taskmanagement\\vendor\\laravel\\framework\\src\\Illuminate\\Foundation\\Http\\Kernel.php",
            "line": 200,
            "function": "dispatch",
            "class": "Illuminate\\Routing\\Router",
            "type": "->"
        },
        {
            "file": "C:\\Users\\Local.Administrator\\Herd\\taskmanagement\\vendor\\laravel\\framework\\src\\Illuminate\\Pipeline\\Pipeline.php",
            "line": 180,
            "function": "{closure:Illuminate\\Foundation\\Http\\Kernel::dispatchToRouter():197}",
            "class": "Illuminate\\Foundation\\Http\\Kernel",
            "type": "->"
        },
        {
            "file": "C:\\Users\\Local.Administrator\\Herd\\taskmanagement\\vendor\\laravel\\framework\\src\\Illuminate\\Foundation\\Http\\Middleware\\TransformsRequest.php",
            "line": 21,
            "function": "{closure:Illuminate\\Pipeline\\Pipeline::prepareDestination():178}",
            "class": "Illuminate\\Pipeline\\Pipeline",
            "type": "->"
        },
        {
            "file": "C:\\Users\\Local.Administrator\\Herd\\taskmanagement\\vendor\\laravel\\framework\\src\\Illuminate\\Foundation\\Http\\Middleware\\ConvertEmptyStringsToNull.php",
            "line": 31,
            "function": "handle",
            "class": "Illuminate\\Foundation\\Http\\Middleware\\TransformsRequest",
            "type": "->"
        },
        {
            "file": "C:\\Users\\Local.Administrator\\Herd\\taskmanagement\\vendor\\laravel\\framework\\src\\Illuminate\\Pipeline\\Pipeline.php",
            "line": 219,
            "function": "handle",
            "class": "Illuminate\\Foundation\\Http\\Middleware\\ConvertEmptyStringsToNull",
            "type": "->"
        },
        {
            "file": "C:\\Users\\Local.Administrator\\Herd\\taskmanagement\\vendor\\laravel\\framework\\src\\Illuminate\\Foundation\\Http\\Middleware\\TransformsRequest.php",
            "line": 21,
            "function": "{closure:{closure:Illuminate\\Pipeline\\Pipeline::carry():194}:195}",
            "class": "Illuminate\\Pipeline\\Pipeline",
            "type": "->"
        },
        {
            "file": "C:\\Users\\Local.Administrator\\Herd\\taskmanagement\\vendor\\laravel\\framework\\src\\Illuminate\\Foundation\\Http\\Middleware\\TrimStrings.php",
            "line": 51,
            "function": "handle",
            "class": "Illuminate\\Foundation\\Http\\Middleware\\TransformsRequest",
            "type": "->"
        },
        {
            "file": "C:\\Users\\Local.Administrator\\Herd\\taskmanagement\\vendor\\laravel\\framework\\src\\Illuminate\\Pipeline\\Pipeline.php",
            "line": 219,
            "function": "handle",
            "class": "Illuminate\\Foundation\\Http\\Middleware\\TrimStrings",
            "type": "->"
        },
        {
            "file": "C:\\Users\\Local.Administrator\\Herd\\taskmanagement\\vendor\\laravel\\framework\\src\\Illuminate\\Http\\Middleware\\ValidatePostSize.php",
            "line": 27,
            "function": "{closure:{closure:Illuminate\\Pipeline\\Pipeline::carry():194}:195}",
            "class": "Illuminate\\Pipeline\\Pipeline",
            "type": "->"
        },
        {
            "file": "C:\\Users\\Local.Administrator\\Herd\\taskmanagement\\vendor\\laravel\\framework\\src\\Illuminate\\Pipeline\\Pipeline.php",
            "line": 219,
            "function": "handle",
            "class": "Illuminate\\Http\\Middleware\\ValidatePostSize",
            "type": "->"
        },
        {
            "file": "C:\\Users\\Local.Administrator\\Herd\\taskmanagement\\vendor\\laravel\\framework\\src\\Illuminate\\Foundation\\Http\\Middleware\\PreventRequestsDuringMaintenance.php",
            "line": 109,
            "function": "{closure:{closure:Illuminate\\Pipeline\\Pipeline::carry():194}:195}",
            "class": "Illuminate\\Pipeline\\Pipeline",
            "type": "->"
        },
        {
            "file": "C:\\Users\\Local.Administrator\\Herd\\taskmanagement\\vendor\\laravel\\framework\\src\\Illuminate\\Pipeline\\Pipeline.php",
            "line": 219,
            "function": "handle",
            "class": "Illuminate\\Foundation\\Http\\Middleware\\PreventRequestsDuringMaintenance",
            "type": "->"
        },
        {
            "file": "C:\\Users\\Local.Administrator\\Herd\\taskmanagement\\vendor\\laravel\\framework\\src\\Illuminate\\Http\\Middleware\\HandleCors.php",
            "line": 61,
            "function": "{closure:{closure:Illuminate\\Pipeline\\Pipeline::carry():194}:195}",
            "class": "Illuminate\\Pipeline\\Pipeline",
            "type": "->"
        },
        {
            "file": "C:\\Users\\Local.Administrator\\Herd\\taskmanagement\\vendor\\laravel\\framework\\src\\Illuminate\\Pipeline\\Pipeline.php",
            "line": 219,
            "function": "handle",
            "class": "Illuminate\\Http\\Middleware\\HandleCors",
            "type": "->"
        },
        {
            "file": "C:\\Users\\Local.Administrator\\Herd\\taskmanagement\\vendor\\laravel\\framework\\src\\Illuminate\\Http\\Middleware\\TrustProxies.php",
            "line": 58,
            "function": "{closure:{closure:Illuminate\\Pipeline\\Pipeline::carry():194}:195}",
            "class": "Illuminate\\Pipeline\\Pipeline",
            "type": "->"
        },
        {
            "file": "C:\\Users\\Local.Administrator\\Herd\\taskmanagement\\vendor\\laravel\\framework\\src\\Illuminate\\Pipeline\\Pipeline.php",
            "line": 219,
            "function": "handle",
            "class": "Illuminate\\Http\\Middleware\\TrustProxies",
            "type": "->"
        },
        {
            "file": "C:\\Users\\Local.Administrator\\Herd\\taskmanagement\\vendor\\laravel\\framework\\src\\Illuminate\\Foundation\\Http\\Middleware\\InvokeDeferredCallbacks.php",
            "line": 22,
            "function": "{closure:{closure:Illuminate\\Pipeline\\Pipeline::carry():194}:195}",
            "class": "Illuminate\\Pipeline\\Pipeline",
            "type": "->"
        },
        {
            "file": "C:\\Users\\Local.Administrator\\Herd\\taskmanagement\\vendor\\laravel\\framework\\src\\Illuminate\\Pipeline\\Pipeline.php",
            "line": 219,
            "function": "handle",
            "class": "Illuminate\\Foundation\\Http\\Middleware\\InvokeDeferredCallbacks",
            "type": "->"
        },
        {
            "file": "C:\\Users\\Local.Administrator\\Herd\\taskmanagement\\vendor\\laravel\\framework\\src\\Illuminate\\Http\\Middleware\\ValidatePathEncoding.php",
            "line": 26,
            "function": "{closure:{closure:Illuminate\\Pipeline\\Pipeline::carry():194}:195}",
            "class": "Illuminate\\Pipeline\\Pipeline",
            "type": "->"
        },
        {
            "file": "C:\\Users\\Local.Administrator\\Herd\\taskmanagement\\vendor\\laravel\\framework\\src\\Illuminate\\Pipeline\\Pipeline.php",
            "line": 219,
            "function": "handle",
            "class": "Illuminate\\Http\\Middleware\\ValidatePathEncoding",
            "type": "->"
        },
        {
            "file": "C:\\Users\\Local.Administrator\\Herd\\taskmanagement\\vendor\\laravel\\framework\\src\\Illuminate\\Pipeline\\Pipeline.php",
            "line": 137,
            "function": "{closure:{closure:Illuminate\\Pipeline\\Pipeline::carry():194}:195}",
            "class": "Illuminate\\Pipeline\\Pipeline",
            "type": "->"
        },
        {
            "file": "C:\\Users\\Local.Administrator\\Herd\\taskmanagement\\vendor\\laravel\\framework\\src\\Illuminate\\Foundation\\Http\\Kernel.php",
            "line": 175,
            "function": "then",
            "class": "Illuminate\\Pipeline\\Pipeline",
            "type": "->"
        },
        {
            "file": "C:\\Users\\Local.Administrator\\Herd\\taskmanagement\\vendor\\laravel\\framework\\src\\Illuminate\\Foundation\\Http\\Kernel.php",
            "line": 144,
            "function": "sendRequestThroughRouter",
            "class": "Illuminate\\Foundation\\Http\\Kernel",
            "type": "->"
        },
        {
            "file": "C:\\Users\\Local.Administrator\\Herd\\taskmanagement\\vendor\\laravel\\framework\\src\\Illuminate\\Foundation\\Testing\\Concerns\\MakesHttpRequests.php",
            "line": 607,
            "function": "handle",
            "class": "Illuminate\\Foundation\\Http\\Kernel",
            "type": "->"
        },
        {
            "file": "C:\\Users\\Local.Administrator\\Herd\\taskmanagement\\vendor\\laravel\\framework\\src\\Illuminate\\Foundation\\Testing\\Concerns\\MakesHttpRequests.php",
            "line": 573,
            "function": "call",
            "class": "Illuminate\\Foundation\\Testing\\TestCase",
            "type": "->"
        },
        {
            "file": "C:\\Users\\Local.Administrator\\Herd\\taskmanagement\\vendor\\laravel\\framework\\src\\Illuminate\\Foundation\\Testing\\Concerns\\MakesHttpRequests.php",
            "line": 411,
            "function": "json",
            "class": "Illuminate\\Foundation\\Testing\\TestCase",
            "type": "->"
        },
        {
            "file": "C:\\Users\\Local.Administrator\\Herd\\taskmanagement\\tests\\Feature\\Tasks\\TaskTest.php",
            "line": 20,
            "function": "postJson",
            "class": "Illuminate\\Foundation\\Testing\\TestCase",
            "type": "->"
        },
        {
            "file": "C:\\Users\\Local.Administrator\\Herd\\taskmanagement\\vendor\\pestphp\\pest\\src\\Factories\\TestCaseMethodFactory.php",
            "line": 168,
            "function": "{closure:{closure:{closure:C:\\Users\\Local.Administrator\\Herd\\taskmanagement\\tests\\Feature\\Tasks\\TaskTest.php:11}:12}:13}",
            "class": "P\\Tests\\Feature\\Tasks\\TaskTest",
            "type": "->"
        },
        {
            "function": "{closure:Pest\\Factories\\TestCaseMethodFactory::getClosure():158}",
            "class": "P\\Tests\\Feature\\Tasks\\TaskTest",
            "type": "->"
        },
        {
            "file": "C:\\Users\\Local.Administrator\\Herd\\taskmanagement\\vendor\\pestphp\\pest\\src\\Concerns\\Testable.php",
            "line": 429,
            "function": "call_user_func_array"
        },
        {
            "file": "C:\\Users\\Local.Administrator\\Herd\\taskmanagement\\vendor\\pestphp\\pest\\src\\Support\\ExceptionTrace.php",
            "line": 26,
            "function": "{closure:Pest\\Concerns\\Testable::__callClosure():429}",
            "class": "P\\Tests\\Feature\\Tasks\\TaskTest",
            "type": "->"
        },
        {
            "file": "C:\\Users\\Local.Administrator\\Herd\\taskmanagement\\vendor\\pestphp\\pest\\src\\Concerns\\Testable.php",
            "line": 429,
            "function": "ensure",
            "class": "Pest\\Support\\ExceptionTrace",
            "type": "::"
        },
        {
            "file": "C:\\Users\\Local.Administrator\\Herd\\taskmanagement\\vendor\\pestphp\\pest\\src\\Concerns\\Testable.php",
            "line": 331,
            "function": "__callClosure",
            "class": "P\\Tests\\Feature\\Tasks\\TaskTest",
            "type": "->"
        },
        {
            "file": "C:\\Users\\Local.Administrator\\Herd\\taskmanagement\\vendor\\pestphp\\pest\\src\\Factories\\TestCaseFactory.php(169) : eval()'d code",
            "line": 17,
            "function": "__runTest",
            "class": "P\\Tests\\Feature\\Tasks\\TaskTest",
            "type": "->"
        },
        {
            "file": "C:\\Users\\Local.Administrator\\Herd\\taskmanagement\\vendor\\phpunit\\phpunit\\src\\Framework\\TestCase.php",
            "line": 1332,
            "function": "__pest_evaluable__TaskController__\u2192__task_creation__\u2192_authorized__project__member__can__create__task",
            "class": "P\\Tests\\Feature\\Tasks\\TaskTest",
            "type": "->"
        },
        {
            "file": "C:\\Users\\Local.Administrator\\Herd\\taskmanagement\\vendor\\phpunit\\phpunit\\src\\Framework\\TestCase.php",
            "line": 519,
            "function": "runTest",
            "class": "PHPUnit\\Framework\\TestCase",
            "type": "->"
        },
        {
            "file": "C:\\Users\\Local.Administrator\\Herd\\taskmanagement\\vendor\\phpunit\\phpunit\\src\\Framework\\TestRunner\\TestRunner.php",
            "line": 99,
            "function": "runBare",
            "class": "PHPUnit\\Framework\\TestCase",
            "type": "->"
        },
        {
            "file": "C:\\Users\\Local.Administrator\\Herd\\taskmanagement\\vendor\\phpunit\\phpunit\\src\\Framework\\TestCase.php",
            "line": 359,
            "function": "run",
            "class": "PHPUnit\\Framework\\TestRunner",
            "type": "->"
        },
        {
            "file": "C:\\Users\\Local.Administrator\\Herd\\taskmanagement\\vendor\\phpunit\\phpunit\\src\\Framework\\TestSuite.php",
            "line": 374,
            "function": "run",
            "class": "PHPUnit\\Framework\\TestCase",
            "type": "->"
        },
        {
            "file": "C:\\Users\\Local.Administrator\\Herd\\taskmanagement\\vendor\\phpunit\\phpunit\\src\\TextUI\\TestRunner.php",
            "line": 64,
            "function": "run",
            "class": "PHPUnit\\Framework\\TestSuite",
            "type": "->"
        },
        {
            "file": "C:\\Users\\Local.Administrator\\Herd\\taskmanagement\\vendor\\phpunit\\phpunit\\src\\TextUI\\Application.php",
            "line": 229,
            "function": "run",
            "class": "PHPUnit\\TextUI\\TestRunner",
            "type": "->"
        },
        {
            "file": "C:\\Users\\Local.Administrator\\Herd\\taskmanagement\\vendor\\pestphp\\pest\\src\\Kernel.php",
            "line": 103,
            "function": "run",
            "class": "PHPUnit\\TextUI\\Application",
            "type": "->"
        },
        {
            "file": "C:\\Users\\Local.Administrator\\Herd\\taskmanagement\\vendor\\pestphp\\pest\\bin\\pest",
            "line": 184,
            "function": "handle",
            "class": "Pest\\Kernel",
            "type": "->"
        },
        {
            "file": "C:\\Users\\Local.Administrator\\Herd\\taskmanagement\\vendor\\pestphp\\pest\\bin\\pest",
            "line": 192,
            "function": "{closure:C:\\Users\\Local.Administrator\\Herd\\taskmanagement\\vendor\\pestphp\\pest\\bin\\pest:18}"
        }
    ]
}
   FAIL  Tests\Feature\Tasks\TaskTest
  Γ¿» TaskController ΓåÆ task creation ΓåÆ authorized_project_member_can_creaΓÇª 0.53s  
  ΓöÇΓöÇΓöÇΓöÇΓöÇΓöÇΓöÇΓöÇΓöÇΓöÇΓöÇΓöÇΓöÇΓöÇΓöÇΓöÇΓöÇΓöÇΓöÇΓöÇΓöÇΓöÇΓöÇΓöÇΓöÇΓöÇΓöÇΓöÇΓöÇΓöÇΓöÇΓöÇΓöÇΓöÇΓöÇΓöÇΓöÇΓöÇΓöÇΓöÇΓöÇΓöÇΓöÇΓöÇΓöÇΓöÇΓöÇΓöÇΓöÇΓöÇΓöÇΓöÇΓöÇΓöÇΓöÇΓöÇΓöÇΓöÇΓöÇΓöÇΓöÇΓöÇΓöÇΓöÇΓöÇΓöÇΓöÇΓöÇΓöÇΓöÇΓöÇΓöÇΓöÇΓöÇΓöÇΓöÇ  
   FAILED  Tests\Feature\Tasks\TaskTest > `TaskController` ΓåÆ `task creation`ΓÇª   
  Expected response status code [201] but received 500.
Failed asserting that 500 is identical to 201.

  at tests\Feature\Tasks\TaskTest.php:33
     29Γûò             if ($response->status() !== 201) {
     30Γûò                 echo "Response: " . $response->getContent();
     31Γûò             }
     32Γûò             
  Γ₧£  33Γûò             $response->assertCreated();
     34Γûò 
     35Γûò             $this->assertDatabaseHas('tasks', [
     36Γûò                 'project_id' => $project->id,
     37Γûò                 'title' => 'New Task',


  Tests:    1 failed (1 assertions)
  Duration: 0.76s

